[2026-04-09T21:36:00Z] === ENRICH ITERATION 1 START | repo=sphinx-doc/sphinx sha=cc7c6f43 ===
[2026-04-09T21:36:00Z] [iter=1] PHASE START: enrich repo=sphinx-doc/sphinx sha=cc7c6f43 runlog=/home/runner/work/forx/forx/storage/aggregate/lsp/logs/cc7c6f43-enrich-iter-001.log output=/home/runner/work/forx/forx/storage/aggregate/lsp/cc7c6f435ad37bb12264f8118c8461b230e6830c.nq.gz
[2026-04-09T21:36:18Z] [iter=1] Step 1: Loading AST into disk-backed store mem_mb=78 MB
[2026-04-09T21:37:36Z] [iter=1] AST store loaded triples=7973172 load_secs=74 mem_mb=1038 MB
[2026-04-09T21:37:36Z] [iter=1] Step 2: Finding LSP targets mem_mb=1038 MB
[2026-04-09T21:37:49Z] [iter=1] LSP targets found call_sites=40689 imports=4377 extends=746 implements=0 secs=13
[2026-04-09T21:38:01Z] [iter=1] Step 2.7: Building position index (one-shot, shared across resolvers) mem_mb=1038 MB
[2026-04-09T21:38:56Z] [iter=1] Position index built positions=548448 nodes_with_types=686495 secs=55 mem_mb=1504 MB
[2026-04-09T21:38:56Z] [iter=1] Step 3: Starting LSP resolution mem_mb=1504 MB already_completed_types=[] already_completed_files=0
[2026-04-09T21:38:56Z] [iter=1] Resolving target type target_type=call_site count=40689
[2026-04-09T21:38:57Z] [iter=1] HEARTBEAT target_type=call_site elapsed_min=2.9 files_done=0 resolved=0 errors=0 current=tests/test_domains/test_domain_rst.py
[2026-04-09T21:40:42Z] [iter=1] HEARTBEAT target_type=call_site elapsed_min=4.7 files_done=1 resolved=8 errors=32 current=tests/test_theming/test_theming.py
[2026-04-09T21:42:57Z] [iter=1] HEARTBEAT target_type=call_site elapsed_min=7.0 files_done=2 resolved=21 errors=73 current=sphinx/builders/gettext.py
[2026-04-09T21:46:23Z] [iter=1] HEARTBEAT target_type=call_site elapsed_min=10.4 files_done=3 resolved=73 errors=136 current=sphinx/environment/adapters/toctree.py
[2026-04-09T21:50:50Z] [iter=1] HEARTBEAT target_type=call_site elapsed_min=14.8 files_done=4 resolved=101 errors=218 current=sphinx/domains/c/_parser.py
[2026-04-09T22:06:30Z] [iter=1] HEARTBEAT target_type=call_site elapsed_min=30.5 files_done=5 resolved=114 errors=508 current=tests/test_markup/test_markup.py
[2026-04-09T22:14:20Z] [iter=1] HEARTBEAT target_type=call_site elapsed_min=38.3 files_done=6 resolved=131 errors=653 current=tests/test_builders/test_build_html_copyright.py
[2026-04-09T22:49:40Z] [iter=1] HEARTBEAT target_type=call_site elapsed_min=73.7 files_done=8 resolved=176 errors=1303 current=tests/test_search.py
[2026-04-09T22:54:28Z] [iter=1] HEARTBEAT target_type=call_site elapsed_min=78.5 files_done=9 resolved=197 errors=1391 current=tests/test_util/test_util_i18n.py
[2026-04-09T22:57:34Z] [iter=1] HEARTBEAT target_type=call_site elapsed_min=81.6 files_done=10 resolved=218 errors=1448 current=tests/test_builders/test_build_latex.py
[2026-04-09T23:14:49Z] [iter=1] HEARTBEAT target_type=call_site elapsed_min=98.8 files_done=11 resolved=375 errors=1764 current=tests/test_domains/test_domain_cpp.py
[2026-04-09T23:50:37Z] [iter=1] HEARTBEAT target_type=call_site elapsed_min=134.6 files_done=12 resolved=467 errors=2420 current=tests/test_domains/test_domain_py_fields.py
[2026-04-09T23:54:09Z] [iter=1] HEARTBEAT target_type=call_site elapsed_min=138.1 files_done=13 resolved=475 errors=2485 current=sphinx/ext/autodoc/__init__.py
[2026-04-09T23:56:22Z] [iter=1] HEARTBEAT target_type=call_site elapsed_min=140.4 files_done=14 resolved=484 errors=2526 current=tests/test_builders/test_build_html_highlight.py
[2026-04-10T00:02:25Z] [iter=1] HEARTBEAT target_type=call_site elapsed_min=146.4 files_done=16 resolved=540 errors=2637 current=tests/test_intl/test_intl.py
[2026-04-10T00:23:45Z] [iter=1] HEARTBEAT target_type=call_site elapsed_min=167.7 files_done=17 resolved=612 errors=3030 current=sphinx/ext/napoleon/docstring.py
[2026-04-10T00:42:48Z] [iter=1] HEARTBEAT target_type=call_site elapsed_min=186.8 files_done=18 resolved=688 errors=3381 current=sphinx/domains/cpp/_ast.py
[2026-04-10T01:34:08Z] [iter=1] HEARTBEAT target_type=call_site elapsed_min=238.1 files_done=19 resolved=1036 errors=4327 current=sphinx/cmd/build.py
[2026-04-10T01:36:21Z] [iter=1] CHECKPOINT TRIGGERED elapsed_min=240.4 files_completed=19 new_files_this_iter=19 mem_mb=1507 MB
[2026-04-10T01:36:21Z] [iter=1] Writing partial enrichment graph path=/home/runner/work/forx/forx/storage/aggregate/lsp/cc7c6f435ad37bb12264f8118c8461b230e6830c.nq.gz triples=46618
[2026-04-10T01:36:22Z] [iter=1] Checkpoint written, exiting with code 7
[2026-04-10T01:36:22Z] [iter=1] PHASE END: enrich (checkpointed) elapsed_s=14421 elapsed_min=240.4 files_completed=19
