[2026-04-10T22:21:17Z] === ENRICH ITERATION 7 START | repo=sphinx-doc/sphinx sha=cc7c6f43 ===
[2026-04-10T22:21:17Z] [iter=7] PHASE START: enrich repo=sphinx-doc/sphinx sha=cc7c6f43 runlog=/home/runner/work/forx/forx/storage/aggregate/lsp/logs/cc7c6f43-enrich-iter-007.log output=/home/runner/work/forx/forx/storage/aggregate/lsp/cc7c6f435ad37bb12264f8118c8461b230e6830c.nq.gz
[2026-04-10T22:21:31Z] [iter=7] Step 1: Loading AST into disk-backed store mem_mb=79 MB
[2026-04-10T22:22:47Z] [iter=7] AST store loaded triples=7973172 load_secs=74 mem_mb=1037 MB
[2026-04-10T22:22:47Z] [iter=7] Step 2: Finding LSP targets mem_mb=1037 MB
[2026-04-10T22:22:59Z] [iter=7] LSP targets found call_sites=40689 imports=4377 extends=746 implements=0 secs=12
[2026-04-10T22:23:08Z] [iter=7] Loaded checkpoint partial graph triples=199434
[2026-04-10T22:23:18Z] [iter=7] Step 2.7: Building position index (one-shot, shared across resolvers) mem_mb=1037 MB
[2026-04-10T22:24:03Z] [iter=7] Position index built positions=548448 nodes_with_types=686495 secs=44 mem_mb=1913 MB
[2026-04-10T22:24:03Z] [iter=7] Step 3: Starting LSP resolution mem_mb=1913 MB already_completed_types=[] already_completed_files=527
[2026-04-10T22:24:03Z] [iter=7] Resolving target type target_type=call_site count=40689
[2026-04-10T22:24:04Z] [iter=7] HEARTBEAT target_type=call_site elapsed_min=2.8 files_done=0 resolved=0 errors=0 current=sphinx/search/minified-js/porter-stemmer.js
[2026-04-10T22:27:05Z] [iter=7] HEARTBEAT target_type=call_site elapsed_min=5.8 files_done=1 resolved=0 errors=69 current=sphinx/search/non-minified-js/norwegian-stemmer.js
[2026-04-10T22:28:05Z] [iter=7] HEARTBEAT target_type=call_site elapsed_min=6.8 files_done=2 resolved=0 errors=92 current=sphinx/search/non-minified-js/finnish-stemmer.js
[2026-04-10T22:31:19Z] [iter=7] HEARTBEAT target_type=call_site elapsed_min=10.0 files_done=3 resolved=0 errors=166 current=sphinx/search/non-minified-js/irish-stemmer.js
[2026-04-10T22:33:03Z] [iter=7] HEARTBEAT target_type=call_site elapsed_min=11.8 files_done=4 resolved=0 errors=206 current=sphinx/search/minified-js/arabic-stemmer.js
[2026-04-10T22:33:48Z] [iter=7] HEARTBEAT target_type=call_site elapsed_min=12.5 files_done=5 resolved=14 errors=223 current=sphinx/locale/sr/LC_MESSAGES/sphinx.js
[2026-04-10T22:35:27Z] [iter=7] HEARTBEAT target_type=call_site elapsed_min=14.2 files_done=8 resolved=21 errors=261 current=sphinx/search/non-minified-js/arabic-stemmer.js
[2026-04-10T22:41:39Z] [iter=7] HEARTBEAT target_type=call_site elapsed_min=20.4 files_done=9 resolved=21 errors=403 current=sphinx/search/minified-js/basque-stemmer.js
[2026-04-10T22:43:05Z] [iter=7] HEARTBEAT target_type=call_site elapsed_min=21.8 files_done=11 resolved=23 errors=436 current=sphinx/search/minified-js/estonian-stemmer.js
[2026-04-10T22:43:44Z] [iter=7] HEARTBEAT target_type=call_site elapsed_min=22.5 files_done=14 resolved=32 errors=451 current=sphinx/search/minified-js/norwegian-stemmer.js
[2026-04-10T22:44:34Z] [iter=7] HEARTBEAT target_type=call_site elapsed_min=23.3 files_done=15 resolved=32 errors=470 current=sphinx/search/minified-js/german-stemmer.js
[2026-04-10T22:46:29Z] [iter=7] HEARTBEAT target_type=call_site elapsed_min=25.2 files_done=17 resolved=32 errors=514 current=sphinx/search/non-minified-js/basque-stemmer.js
[2026-04-10T22:48:08Z] [iter=7] HEARTBEAT target_type=call_site elapsed_min=26.9 files_done=18 resolved=32 errors=552 current=sphinx/search/non-minified-js/estonian-stemmer.js
[2026-04-10T22:51:37Z] [iter=7] HEARTBEAT target_type=call_site elapsed_min=30.3 files_done=19 resolved=32 errors=632 current=sphinx/locale/hi_IN/LC_MESSAGES/sphinx.js
[2026-04-10T22:52:16Z] [iter=7] HEARTBEAT target_type=call_site elapsed_min=31.0 files_done=21 resolved=38 errors=647 current=sphinx/locale/yue/LC_MESSAGES/sphinx.js
[2026-04-10T22:53:31Z] [iter=7] HEARTBEAT target_type=call_site elapsed_min=32.2 files_done=23 resolved=38 errors=676 current=sphinx/search/minified-js/lithuanian-stemmer.js
[2026-04-10T22:54:16Z] [iter=7] HEARTBEAT target_type=call_site elapsed_min=33.0 files_done=25 resolved=50 errors=693 current=sphinx/search/minified-js/base-stemmer.js
[2026-04-10T22:57:21Z] [iter=7] HEARTBEAT target_type=call_site elapsed_min=36.1 files_done=27 resolved=50 errors=764 current=sphinx/locale/en_HK/LC_MESSAGES/sphinx.js
[2026-04-10T22:58:29Z] [iter=7] HEARTBEAT target_type=call_site elapsed_min=37.2 files_done=29 resolved=50 errors=790 current=sphinx/search/minified-js/armenian-stemmer.js
[2026-04-10T22:59:24Z] [iter=7] HEARTBEAT target_type=call_site elapsed_min=38.1 files_done=35 resolved=50 errors=811 current=sphinx/themes/basic/static/doctools.js
[2026-04-10T23:00:19Z] [iter=7] HEARTBEAT target_type=call_site elapsed_min=39.0 files_done=36 resolved=59 errors=832 current=sphinx/locale/tr/LC_MESSAGES/sphinx.js
[2026-04-10T23:01:38Z] [iter=7] HEARTBEAT target_type=call_site elapsed_min=40.4 files_done=39 resolved=59 errors=862 current=sphinx/locale/cak/LC_MESSAGES/sphinx.js
[2026-04-10T23:01:55Z] [iter=7] Target type resolved target_type=call_site resolved=62 errors=868 secs=2272 mem_mb=1913 MB
[2026-04-10T23:01:55Z] [iter=7] Resolving target type target_type=import_statement count=4377
[2026-04-10T23:01:58Z] [iter=7] Target type resolved target_type=import_statement resolved=50 errors=0 secs=3 mem_mb=1913 MB
[2026-04-10T23:01:58Z] [iter=7] Resolving target type target_type=extends_clause count=746
[2026-04-10T23:01:59Z] [iter=7] Target type resolved target_type=extends_clause resolved=28 errors=0 secs=1 mem_mb=1913 MB
[2026-04-10T23:02:40Z] [iter=7] Step 5: Writing final enrichment file triples=364539
[2026-04-10T23:02:48Z] [iter=7] Enrichment file written path=/home/runner/work/forx/forx/storage/aggregate/lsp/cc7c6f435ad37bb12264f8118c8461b230e6830c.nq.gz size_kb=9216
[2026-04-10T23:02:48Z] [iter=7] Checkpoint cleared (enrichment complete)
[2026-04-10T23:02:48Z] [iter=7] PHASE END: enrich elapsed_s=2491 elapsed_min=41.5 total_triples=364539
